decl="void (*(*$)(int sig, void (*f)(int)))(int)" name="psignal"
